------------------------------------------------------------
Timing Analyzer Summary
------------------------------------------------------------

Type  : Slow 1200mV 85C Model Setup 'swt'
Slack : -5.940
TNS   : -83.563

Type  : Slow 1200mV 85C Model Setup 'clk2'
Slack : -3.428
TNS   : -549.241

Type  : Slow 1200mV 85C Model Setup 'clk1'
Slack : -2.913
TNS   : -62.524

Type  : Slow 1200mV 85C Model Hold 'clk1'
Slack : 0.379
TNS   : 0.000

Type  : Slow 1200mV 85C Model Hold 'clk2'
Slack : 0.379
TNS   : 0.000

Type  : Slow 1200mV 85C Model Hold 'swt'
Slack : 1.185
TNS   : 0.000

Type  : Slow 1200mV 85C Model Recovery 'clk2'
Slack : -3.829
TNS   : -887.872

Type  : Slow 1200mV 85C Model Recovery 'clk1'
Slack : -3.798
TNS   : -117.990

Type  : Slow 1200mV 85C Model Removal 'clk2'
Slack : 1.755
TNS   : 0.000

Type  : Slow 1200mV 85C Model Removal 'clk1'
Slack : 2.000
TNS   : 0.000

Type  : Slow 1200mV 85C Model Minimum Pulse Width 'clk2'
Slack : -3.000
TNS   : -383.672

Type  : Slow 1200mV 85C Model Minimum Pulse Width 'clk1'
Slack : -3.000
TNS   : -50.584

Type  : Slow 1200mV 85C Model Minimum Pulse Width 'swt'
Slack : -3.000
TNS   : -3.000

Type  : Slow 1200mV 0C Model Setup 'swt'
Slack : -5.549
TNS   : -78.652

Type  : Slow 1200mV 0C Model Setup 'clk2'
Slack : -3.043
TNS   : -481.489

Type  : Slow 1200mV 0C Model Setup 'clk1'
Slack : -2.504
TNS   : -53.825

Type  : Slow 1200mV 0C Model Hold 'clk2'
Slack : 0.338
TNS   : 0.000

Type  : Slow 1200mV 0C Model Hold 'clk1'
Slack : 0.339
TNS   : 0.000

Type  : Slow 1200mV 0C Model Hold 'swt'
Slack : 1.070
TNS   : 0.000

Type  : Slow 1200mV 0C Model Recovery 'clk2'
Slack : -3.516
TNS   : -818.554

Type  : Slow 1200mV 0C Model Recovery 'clk1'
Slack : -3.479
TNS   : -108.221

Type  : Slow 1200mV 0C Model Removal 'clk2'
Slack : 1.606
TNS   : 0.000

Type  : Slow 1200mV 0C Model Removal 'clk1'
Slack : 1.846
TNS   : 0.000

Type  : Slow 1200mV 0C Model Minimum Pulse Width 'clk2'
Slack : -3.000
TNS   : -383.672

Type  : Slow 1200mV 0C Model Minimum Pulse Width 'clk1'
Slack : -3.000
TNS   : -50.584

Type  : Slow 1200mV 0C Model Minimum Pulse Width 'swt'
Slack : -3.000
TNS   : -3.000

Type  : Fast 1200mV 0C Model Setup 'swt'
Slack : -1.853
TNS   : -25.062

Type  : Fast 1200mV 0C Model Setup 'clk2'
Slack : -0.665
TNS   : -64.853

Type  : Fast 1200mV 0C Model Setup 'clk1'
Slack : -0.501
TNS   : -6.193

Type  : Fast 1200mV 0C Model Hold 'clk2'
Slack : 0.155
TNS   : 0.000

Type  : Fast 1200mV 0C Model Hold 'clk1'
Slack : 0.156
TNS   : 0.000

Type  : Fast 1200mV 0C Model Hold 'swt'
Slack : 0.394
TNS   : 0.000

Type  : Fast 1200mV 0C Model Recovery 'clk2'
Slack : -1.057
TNS   : -209.272

Type  : Fast 1200mV 0C Model Recovery 'clk1'
Slack : -0.900
TNS   : -27.161

Type  : Fast 1200mV 0C Model Removal 'clk2'
Slack : 0.660
TNS   : 0.000

Type  : Fast 1200mV 0C Model Removal 'clk1'
Slack : 0.784
TNS   : 0.000

Type  : Fast 1200mV 0C Model Minimum Pulse Width 'clk2'
Slack : -3.000
TNS   : -266.712

Type  : Fast 1200mV 0C Model Minimum Pulse Width 'clk1'
Slack : -3.000
TNS   : -35.618

Type  : Fast 1200mV 0C Model Minimum Pulse Width 'swt'
Slack : -3.000
TNS   : -3.000

------------------------------------------------------------
